MPLINK 5.09, LINKER
Linker Map File - Created Wed Oct 21 22:36:07 2020

                                 Section Info
                  Section       Type    Address   Location Size(Bytes)
                ---------  ---------  ---------  ---------  ---------
                 RES_VECT       code   0x000000    program   0x000002
                   .cinit    romdata   0x000001    program   0x000004
                MAIN_PROG       code   0x000003    program   0x00006a
.config_2007_BUILD/DEFAULT/PRODUCTION/EJ4.O       code   0x002007    program   0x000002



                              Program Memory Usage 
                               Start         End      
                           ---------   ---------      
                            0x000000    0x000037      
                            0x002007    0x002007      
            57 out of 4358 program addresses used, program memory utilization is 1%



                              Symbols - Sorted by Name
                     Name    Address   Location    Storage File                     
                ---------  ---------  ---------  --------- ---------                
                    START   0x000003    program     static C:\Users\yo\MPLABXProjects\Ex1ej4.X\ej4.asm
          _MAIN_PROG_0022   0x000025    program     static C:\Users\yo\MPLABXProjects\Ex1ej4.X\ej4.asm
          _MAIN_PROG_002F   0x000032    program     static C:\Users\yo\MPLABXProjects\Ex1ej4.X\ej4.asm
                   inicio   0x00000a    program     static C:\Users\yo\MPLABXProjects\Ex1ej4.X\ej4.asm
                    loopj   0x00002d    program     static C:\Users\yo\MPLABXProjects\Ex1ej4.X\ej4.asm
                    loopk   0x00002f    program     static C:\Users\yo\MPLABXProjects\Ex1ej4.X\ej4.asm
                     lopj   0x00001b    program     static C:\Users\yo\MPLABXProjects\Ex1ej4.X\ej4.asm
                     lopk   0x000021    program     static C:\Users\yo\MPLABXProjects\Ex1ej4.X\ej4.asm
                       ta   0x000014    program     static C:\Users\yo\MPLABXProjects\Ex1ej4.X\ej4.asm
                       tb   0x00002b    program     static C:\Users\yo\MPLABXProjects\Ex1ej4.X\ej4.asm



                              Symbols - Sorted by Address
                     Name    Address   Location    Storage File                     
                ---------  ---------  ---------  --------- ---------                
                    START   0x000003    program     static C:\Users\yo\MPLABXProjects\Ex1ej4.X\ej4.asm
                   inicio   0x00000a    program     static C:\Users\yo\MPLABXProjects\Ex1ej4.X\ej4.asm
                       ta   0x000014    program     static C:\Users\yo\MPLABXProjects\Ex1ej4.X\ej4.asm
                     lopj   0x00001b    program     static C:\Users\yo\MPLABXProjects\Ex1ej4.X\ej4.asm
                     lopk   0x000021    program     static C:\Users\yo\MPLABXProjects\Ex1ej4.X\ej4.asm
          _MAIN_PROG_0022   0x000025    program     static C:\Users\yo\MPLABXProjects\Ex1ej4.X\ej4.asm
                       tb   0x00002b    program     static C:\Users\yo\MPLABXProjects\Ex1ej4.X\ej4.asm
                    loopj   0x00002d    program     static C:\Users\yo\MPLABXProjects\Ex1ej4.X\ej4.asm
                    loopk   0x00002f    program     static C:\Users\yo\MPLABXProjects\Ex1ej4.X\ej4.asm
          _MAIN_PROG_002F   0x000032    program     static C:\Users\yo\MPLABXProjects\Ex1ej4.X\ej4.asm


